[2026-08-17 22:13:21] Server     INFO  Apache Jena Fuseki 4.6.1
[2026-08-17 22:13:21] Server     INFO  Configuration file: ../.fuseki.ttl
[2026-08-17 22:13:21] Server     INFO  Path = /CATSAT
[2026-08-17 22:13:21] Server     INFO  System
[2026-08-17 22:13:21] Server     INFO    Memory: 8.0 GiB
[2026-08-17 22:13:21] Server     INFO    Java:   21.0.8
[2026-08-17 22:13:21] Server     INFO    OS:     Windows 11 10.0 amd64
[2026-08-17 22:13:21] Server     INFO    PID:    38372
[2026-08-17 22:13:21] Server     INFO  Start Fuseki (http=3030)
[2026-08-17 22:13:23] Fuseki     INFO  [1] GET http://localhost:3030/CATSAT/sparql?query=select%20?g%20%7B%20graph%20?g%20%7B%20?o%20a%20%3Chttp://www.w3.org/2002/07/owl%23Ontology%3E%20%7D%20%7D
[2026-08-17 22:13:23] Fuseki     INFO  [1] Query = select ?g { graph ?g { ?o a <http://www.w3.org/2002/07/owl#Ontology> } }
[2026-08-17 22:13:23] Fuseki     INFO  [1] 200 OK (39 ms)
[2026-08-17 22:13:23] Fuseki     INFO  [2] PUT http://localhost:3030/CATSAT?graph=http://uaontologies.com/UAOS_Core/UAOS_Event
[2026-08-17 22:13:23] Fuseki     INFO  [3] PUT http://localhost:3030/CATSAT?graph=http://uaontologies.com/UAOS_Core/UAOS_Information
[2026-08-17 22:13:23] Fuseki     INFO  [6] PUT http://localhost:3030/CATSAT?graph=http://uaontologies.com/CATSAT/bundle/classes
[2026-08-17 22:13:23] Fuseki     INFO  [4] PUT http://localhost:3030/CATSAT?graph=http://uaontologies.com/UAOS_Domain/UAOS_SystemArchitecture
[2026-08-17 22:13:23] Fuseki     INFO  [7] PUT http://localhost:3030/CATSAT?graph=http://uaontologies.com/CATSAT/CATSAT
[2026-08-17 22:13:23] Fuseki     INFO  [5] PUT http://localhost:3030/CATSAT?graph=http://uaontologies.com/CATSAT/bundle
[2026-08-17 22:13:23] Fuseki     INFO  [8] PUT http://localhost:3030/CATSAT?graph=http://uaontologies.com/CATSAT/bundle/individuals
[2026-08-17 22:13:23] Fuseki     INFO  [9] PUT http://localhost:3030/CATSAT?graph=http://uaontologies.com/UAOS_Domain/UAOS_States
[2026-08-17 22:13:23] Fuseki     INFO  [10] PUT http://localhost:3030/CATSAT?graph=http://purl.org/dc/elements/1.1
[2026-08-17 22:13:23] Fuseki     INFO  [11] PUT http://localhost:3030/CATSAT?graph=http://uaontologies.com/UAOS_TopLevel/UAOS_TopLevel
[2026-08-17 22:13:23] Fuseki     INFO  [12] PUT http://localhost:3030/CATSAT?graph=http://uaontologies.com/UAOS_Domain/UAOS_Modes
[2026-08-17 22:13:23] Fuseki     INFO  [13] PUT http://localhost:3030/CATSAT?graph=http://uaontologies.com/CATSAT/bundle/properties
[2026-08-17 22:13:23] Fuseki     INFO  [3] Body: Content-Length=42430, Content-Type=application/rdf+xml, Charset=null => RDF/XML : Count=391 Triples=391 Quads=0
[2026-08-17 22:13:23] Fuseki     INFO  [3] 201 Created (183 ms)
[2026-08-17 22:13:24] Fuseki     INFO  [6] Body: Content-Length=32747, Content-Type=text/turtle, Charset=null => Turtle : Count=376 Triples=376 Quads=0
[2026-08-17 22:13:24] Fuseki     INFO  [6] 201 Created (240 ms)
[2026-08-17 22:13:24] Fuseki     INFO  [7] Body: Content-Length=70183, Content-Type=application/rdf+xml, Charset=null => RDF/XML : Count=608 Triples=608 Quads=0
[2026-08-17 22:13:24] Fuseki     INFO  [7] 201 Created (323 ms)
[2026-08-17 22:13:24] Fuseki     INFO  [2] Body: Content-Length=34810, Content-Type=application/rdf+xml, Charset=null => RDF/XML : Count=325 Triples=325 Quads=0
[2026-08-17 22:13:24] Fuseki     INFO  [2] 201 Created (360 ms)
[2026-08-17 22:13:24] Fuseki     INFO  [5] Body: Content-Length=1036, Content-Type=application/rdf+xml, Charset=null => RDF/XML : Count=5 Triples=5 Quads=0
[2026-08-17 22:13:24] Fuseki     INFO  [5] 201 Created (367 ms)
[2026-08-17 22:13:24] Fuseki     INFO  [4] Body: Content-Length=31815, Content-Type=application/rdf+xml, Charset=null => RDF/XML : Count=290 Triples=290 Quads=0
[2026-08-17 22:13:24] Fuseki     INFO  [4] 201 Created (397 ms)
[2026-08-17 22:13:24] Fuseki     INFO  [8] Body: Content-Length=119175, Content-Type=text/turtle, Charset=null => Turtle : Count=1270 Triples=1270 Quads=0
[2026-08-17 22:13:24] Fuseki     INFO  [8] 201 Created (449 ms)
[2026-08-17 22:13:24] Fuseki     INFO  [9] Body: Content-Length=26547, Content-Type=application/rdf+xml, Charset=null => RDF/XML : Count=240 Triples=240 Quads=0
[2026-08-17 22:13:24] Fuseki     INFO  [9] 201 Created (468 ms)
[2026-08-17 22:13:24] Fuseki     INFO  [10] Body: Content-Length=4083, Content-Type=application/rdf+xml, Charset=null => RDF/XML : Count=27 Triples=27 Quads=0
[2026-08-17 22:13:24] Fuseki     INFO  [10] 201 Created (474 ms)
[2026-08-17 22:13:24] Fuseki     INFO  [11] Body: Content-Length=59535, Content-Type=application/rdf+xml, Charset=null => RDF/XML : Count=553 Triples=553 Quads=0
[2026-08-17 22:13:24] Fuseki     INFO  [11] 201 Created (524 ms)
[2026-08-17 22:13:24] Fuseki     INFO  [12] Body: Content-Length=41525, Content-Type=application/rdf+xml, Charset=null => RDF/XML : Count=329 Triples=329 Quads=0
[2026-08-17 22:13:24] Fuseki     INFO  [12] 201 Created (579 ms)
[2026-08-17 22:13:24] Fuseki     INFO  [13] Body: Content-Length=27525, Content-Type=text/turtle, Charset=null => Turtle : Count=282 Triples=282 Quads=0
[2026-08-17 22:13:24] Fuseki     INFO  [13] 201 Created (600 ms)
[2026-08-17 22:13:24] Fuseki     INFO  [15] GET http://localhost:3030/CATSAT/sparql?query=PREFIX%20%20States:%20%3Chttp://uaontologies.com/UAOS_Domain/UAOS_States%23%3E%0APREFIX%20%20rdfs:%20%3Chttp://www.w3.org/2000/01/rdf-schema%23%3E%0APREFIX%20%20modes:%20%3Chttp://uaontologies.com/UAOS_Domain/UAOS_Modes%23%3E%0APREFIX%20%20rdf:%20%20%3Chttp://www.w3.org/1999/02/22-rdf-syntax-ns%23%3E%0APREFIX%20%20tlo:%20%20%3Chttp://uaontologies.com/UAOS_TopLevel/UAOS_TopLevel%23%3E%0APREFIX%20%20sa:%20%20%20%3Chttp://uaontologies.com/UAOS_Domain/UAOS_SystemArchitecture%23%3E%0A%0ASELECT%20%20?transition%20?transitionName%20?system%20?systemName%0AWHERE%0A%20%20%7B%20?transition%20%20rdf:type%20%20States:Transition%20%3B%0A%20%20%20%20%20%20%20%20%20%20%20%20%20%20tlo:hasName%20%20?transitionName%20%3B%0A%20%20%20%20%20%20%20%20%20%20%20%20%20%20tlo:sdo%20%20%20%20%20%20?system%20.%0A%20%20%20%20?system%20%20%20tlo:hasName%20%20?systemName%0A%20%20%20%20FILTER%20NOT%20EXISTS%20%7B%20?sourceMode%20%20States:exitedBy%20%20?transition%20%7D%0A%20%20%7D%0AORDER%20BY%20?systemName%20?transitionName%0A
[2026-08-17 22:13:24] Fuseki     INFO  [14] GET http://localhost:3030/CATSAT/sparql?query=PREFIX%20%20States:%20%3Chttp://uaontologies.com/UAOS_Domain/UAOS_States%23%3E%0APREFIX%20%20rdfs:%20%3Chttp://www.w3.org/2000/01/rdf-schema%23%3E%0APREFIX%20%20modes:%20%3Chttp://uaontologies.com/UAOS_Domain/UAOS_Modes%23%3E%0APREFIX%20%20rdf:%20%20%3Chttp://www.w3.org/1999/02/22-rdf-syntax-ns%23%3E%0APREFIX%20%20tlo:%20%20%3Chttp://uaontologies.com/UAOS_TopLevel/UAOS_TopLevel%23%3E%0APREFIX%20%20sa:%20%20%20%3Chttp://uaontologies.com/UAOS_Domain/UAOS_SystemArchitecture%23%3E%0A%0ASELECT%20%20?system%20?systemName%20?mode%20?modeName%20?function%20?functionName%0AWHERE%0A%20%20%7B%20?mode%20%20%20%20%20rdf:type%20%20%20%20%20%20%20%20%20%20%20modes:Mode%20%3B%0A%20%20%20%20%20%20%20%20%20%20%20%20%20%20tlo:hasName%20%20%20%20%20%20%20%20?modeName%20%3B%0A%20%20%20%20%20%20%20%20%20%20%20%20%20%20tlo:sdo%20%20%20%20%20%20%20%20%20%20%20%20?system%20.%0A%20%20%20%20?system%20%20%20tlo:hasName%20%20%20%20%20%20%20%20?systemName%20.%0A%20%20%20%20?function%20%20modes:availableIn%20%20?mode%0A%20%20%20%20OPTIONAL%0A%20%20%20%20%20%20%7B%20?function%20%20tlo:hasName%20%20?functionName%20%7D%0A%20%20%7D%0AORDER%20BY%20?systemName%20?modeName%20?functionName%0A
[2026-08-17 22:13:24] Fuseki     INFO  [15] Query = PREFIX  States: <http://uaontologies.com/UAOS_Domain/UAOS_States#> PREFIX  rdfs: <http://www.w3.org/2000/01/rdf-schema#> PREFIX  modes: <http://uaontologies.com/UAOS_Domain/UAOS_Modes#> PREFIX  rdf:  <http://www.w3.org/1999/02/22-rdf-syntax-ns#> PREFIX  tlo:  <http://uaontologies.com/UAOS_TopLevel/UAOS_TopLevel#> PREFIX  sa:   <http://uaontologies.com/UAOS_Domain/UAOS_SystemArchitecture#>  SELECT  ?transition ?transitionName ?system ?systemName WHERE   { ?transition  rdf:type  States:Transition ;               tlo:hasName  ?transitionName ;               tlo:sdo      ?system .     ?system   tlo:hasName  ?systemName     FILTER NOT EXISTS { ?sourceMode  States:exitedBy  ?transition }   } ORDER BY ?systemName ?transitionName 
[2026-08-17 22:13:24] Fuseki     INFO  [16] POST http://localhost:3030/CATSAT/sparql
[2026-08-17 22:13:24] Fuseki     INFO  [16] Query = PREFIX  States: <http://uaontologies.com/UAOS_Domain/UAOS_States#> PREFIX  tlo:  <http://uaontologies.com/UAOS_TopLevel/UAOS_TopLevel#> PREFIX  modes: <http://uaontologies.com/UAOS_Domain/UAOS_Modes#>  SELECT DISTINCT  ?parentTransition ?parentTransitionName ?parentSystem ?parentSystemName ?childSystem ?childSystemName ?expectedChildSourceMode ?expectedChildSourceModeName ?expectedChildTargetMode ?expectedChildTargetModeName WHERE   { ?parentTransition               a                     States:Transition ;               tlo:hasName           ?parentTransitionName ;               tlo:sdo               ?parentSystem .     ?parentSystem               tlo:hasName           ?parentSystemName ;               tlo:hasContinuantPart  ?childSystem .     ?childSystem  tlo:hasName       ?childSystemName .     ?parentSourceMode               States:exitedBy       ?parentTransition ;               tlo:hasContinuantPart  ?expectedChildSourceMode .     ?expectedChildSourceMode               a                     modes:Mode ;               tlo:sdo               ?childSystem ;               tlo:hasName           ?expectedChildSourceModeName .     ?parentTargetMode               States:enteredBy      ?parentTransition ;               tlo:hasContinuantPart  ?expectedChildTargetMode .     ?expectedChildTargetMode               a                     modes:Mode ;               tlo:sdo               ?childSystem ;               tlo:hasName           ?expectedChildTargetModeName     FILTER NOT EXISTS { ?parentTransition                                   modes:hasSubTransition  ?childTransition .                         ?expectedChildSourceMode                                   States:exitedBy       ?childTransition .                         ?expectedChildTargetMode                                   States:enteredBy      ?childTransition                       }   } ORDER BY ?parentSystemName ?parentTransitionName ?childSystemName 
[2026-08-17 22:13:24] Fuseki     INFO  [14] Query = PREFIX  States: <http://uaontologies.com/UAOS_Domain/UAOS_States#> PREFIX  rdfs: <http://www.w3.org/2000/01/rdf-schema#> PREFIX  modes: <http://uaontologies.com/UAOS_Domain/UAOS_Modes#> PREFIX  rdf:  <http://www.w3.org/1999/02/22-rdf-syntax-ns#> PREFIX  tlo:  <http://uaontologies.com/UAOS_TopLevel/UAOS_TopLevel#> PREFIX  sa:   <http://uaontologies.com/UAOS_Domain/UAOS_SystemArchitecture#>  SELECT  ?system ?systemName ?mode ?modeName ?function ?functionName WHERE   { ?mode     rdf:type           modes:Mode ;               tlo:hasName        ?modeName ;               tlo:sdo            ?system .     ?system   tlo:hasName        ?systemName .     ?function  modes:availableIn  ?mode     OPTIONAL       { ?function  tlo:hasName  ?functionName }   } ORDER BY ?systemName ?modeName ?functionName 
[2026-08-17 22:13:24] Fuseki     INFO  [17] GET http://localhost:3030/CATSAT/sparql?query=PREFIX%20%20States:%20%3Chttp://uaontologies.com/UAOS_Domain/UAOS_States%23%3E%0APREFIX%20%20rdfs:%20%3Chttp://www.w3.org/2000/01/rdf-schema%23%3E%0APREFIX%20%20modes:%20%3Chttp://uaontologies.com/UAOS_Domain/UAOS_Modes%23%3E%0APREFIX%20%20rdf:%20%20%3Chttp://www.w3.org/1999/02/22-rdf-syntax-ns%23%3E%0APREFIX%20%20tlo:%20%20%3Chttp://uaontologies.com/UAOS_TopLevel/UAOS_TopLevel%23%3E%0APREFIX%20%20sa:%20%20%20%3Chttp://uaontologies.com/UAOS_Domain/UAOS_SystemArchitecture%23%3E%0A%0ASELECT%20%20?chain%20?chainName%20?step%20?stepName%20?stepPos%20?function%20?functionName%20?executor%20?executorName%0AWHERE%0A%20%20%7B%20?chain%20%20rdf:type%20%20%20%20%20%20%20%20%20%20%20%20%20%20modes:FunctionalChain%20%3B%0A%20%20%20%20%20%20%20%20%20%20%20%20tlo:hasName%20%20%20%20%20%20%20%20%20%20%20?chainName%20.%0A%20%20%20%20?step%20%20%20rdf:type%20%20%20%20%20%20%20%20%20%20%20%20%20%20modes:FunctionalChainStep%20%3B%0A%20%20%20%20%20%20%20%20%20%20%20%20modes:isStepOf%20%20%20%20%20%20%20%20?chain%20%3B%0A%20%20%20%20%20%20%20%20%20%20%20%20modes:hasSequencePosition%20%20?stepPos%20%3B%0A%20%20%20%20%20%20%20%20%20%20%20%20modes:specifiesFunction%20%20?function%20%3B%0A%20%20%20%20%20%20%20%20%20%20%20%20modes:specifiesExecutor%20%20?executor%0A%20%20%20%20OPTIONAL%0A%20%20%20%20%20%20%7B%20?step%20%20tlo:hasName%20%20?stepName%20%7D%0A%20%20%20%20OPTIONAL%0A%20%20%20%20%20%20%7B%20?function%20%20tlo:hasName%20%20?functionName%20%7D%0A%20%20%20%20?executor%20%20tlo:hasName%20%20?executorName%0A%20%20%20%20FILTER%20NOT%20EXISTS%20%7B%20?function%20%20modes:availableIn%20%20?m%20.%0A%20%20%20%20%20%20%20%20%20%20%20%20%20%20%20%20%20%20%20%20%20%20%20%20?m%20%20%20%20%20%20%20%20tlo:sdo%20%20%20%20%20%20%20%20%20%20%20%20?executor%0A%20%20%20%20%20%20%20%20%20%20%20%20%20%20%20%20%20%20%20%20%20%20%7D%0A%20%20%7D%0AORDER%20BY%20?chainName%20?stepPos%0A
[2026-08-17 22:13:24] Fuseki     INFO  [17] Query = PREFIX  States: <http://uaontologies.com/UAOS_Domain/UAOS_States#> PREFIX  rdfs: <http://www.w3.org/2000/01/rdf-schema#> PREFIX  modes: <http://uaontologies.com/UAOS_Domain/UAOS_Modes#> PREFIX  rdf:  <http://www.w3.org/1999/02/22-rdf-syntax-ns#> PREFIX  tlo:  <http://uaontologies.com/UAOS_TopLevel/UAOS_TopLevel#> PREFIX  sa:   <http://uaontologies.com/UAOS_Domain/UAOS_SystemArchitecture#>  SELECT  ?chain ?chainName ?step ?stepName ?stepPos ?function ?functionName ?executor ?executorName WHERE   { ?chain  rdf:type              modes:FunctionalChain ;             tlo:hasName           ?chainName .     ?step   rdf:type              modes:FunctionalChainStep ;             modes:isStepOf        ?chain ;             modes:hasSequencePosition  ?stepPos ;             modes:specifiesFunction  ?function ;             modes:specifiesExecutor  ?executor     OPTIONAL       { ?step  tlo:hasName  ?stepName }     OPTIONAL       { ?function  tlo:hasName  ?functionName }     ?executor  tlo:hasName  ?executorName     FILTER NOT EXISTS { ?function  modes:availableIn  ?m .                         ?m        tlo:sdo            ?executor                       }   } ORDER BY ?chainName ?stepPos 
[2026-08-17 22:13:24] Fuseki     INFO  [16] 200 OK (121 ms)
[2026-08-17 22:13:24] Fuseki     INFO  [15] 200 OK (122 ms)
[2026-08-17 22:13:24] Fuseki     INFO  [14] 200 OK (120 ms)
[2026-08-17 22:13:24] Fuseki     INFO  [17] 200 OK (116 ms)
